0,BOOKED_BUY,5004,550020,1
1,BOOKED_BUY,5003,550015,1
2,BOOKED_BUY,5000,550000,1
3,BOOKED_BUY,5002,550010,1
4,BOOKED_BUY,5001,550005,1
5,EXECUTE,5004,550020,1
5,EXECUTE,5003,550015,1
5,EXECUTE,5002,550010,1
5,EXECUTE,5001,550005,1
5,EXECUTE,5000,550000,1
