0,BOOKED_SELL,4000,550000,70
1,EXECUTE,4000,550000,70
