0,BOOKED_SELL,4000,550000,100
1,BOOKED_SELL,4001,550000,200
2,BOOKED_SELL,4002,550000,300
3,BOOKED_SELL,4003,550000,50
4,EXECUTE,4000,550000,100
4,EXECUTE,4001,550000,200
4,EXECUTE,4002,550000,300
4,EXECUTE,4003,550000,50
