0,BOOKED_BUY,1070,558000,70
1,EXECUTE,1070,558000,70
