0,BOOKED_BUY,1070,558000,70
1,BOOKED_BUY,1071,558000,80
2,BOOKED_BUY,1072,558000,90
3,BOOKED_BUY,1073,558000,100
4,EXECUTE,1070,558000,70
4,EXECUTE,1071,558000,80
4,EXECUTE,1072,558000,90
4,EXECUTE,1073,558000,100
