0,BOOKED_BUY,5018,550090,10
1,BOOKED_BUY,5015,550075,10
2,BOOKED_BUY,5011,550055,10
3,EXECUTE,5018,550090,10
5,EXECUTE,5015,550075,10
