0,BOOKED_SELL,5018,550090,10
1,BOOKED_SELL,5015,550075,10
2,BOOKED_SELL,5011,550055,10
3,EXECUTE,5011,550055,10
3,EXECUTE,5015,550075,10
3,EXECUTE,5018,550090,10
5,BOOKED_BUY,6003,550090,30
