0,BOOKED_SELL,1000,550000,100
1,EXECUTE,1000,550000,70
2,BOOKED_SELL,2000,540000,20
3,BOOKED_SELL,1010,550000,10
4,CANCEL_SELL,2000,540000,20
5,CANCEL_SELL,1000,550000,30
6,EXECUTE,1010,550000,10
